warning at 11:9: pointer `v` was auto-nulled when its pointee went out of scope and has not been explicitly re-assigned on every code path since; this use observes that silent overwrite - re-assign `v` yourself before reading it
warning at 11:26: pointer `v` was auto-nulled when its pointee went out of scope and has not been explicitly re-assigned on every code path since; this use observes that silent overwrite - re-assign `v` yourself before reading it
-1
